{
  "configParams": [
    {
      "name": "google-info-notice",
      "text": "Note: The Matomo Connector for Looker Studio's use and transfer of information received from Google APIs to any other app will adhere to Google API Services User Data Policy (https://developers.google.com/terms/api-services-user-data-policy#additional_requirements_for_specific_api_scopes), including the Limited Use requirements.",
      "type": "INFO"
    },
    {
      "name": "new-to-looker",
      "text": "New to Looker Studio? Get started quickly with our template Matomo report: https://matomo.org/faq/looker-studio/matomo-connector-template-report/",
      "type": "INFO"
    },
    {
      "displayName": "Website/Measurable",
      "isDynamic": true,
      "name": "idsite",
      "options": [
      ],
      "type": "SELECT_SINGLE"
    },
    {
      "displayName": "Report",
      "name": "report",
      "options": [
      ],
      "type": "SELECT_SINGLE"
    },
    {
      "displayName": "Segment",
      "name": "segment",
      "options": [
      ],
      "parameterControl": {
        "allowOverride": true
      },
      "type": "SELECT_SINGLE"
    },
    {
      "displayName": "Report Language",
      "helpText": "The language to use for report column names. If unset, defaults to the language you've selected in your Google account.",
      "name": "language",
      "options": [
      ],
      "type": "SELECT_SINGLE"
    },
    {
      "displayName": "Default Row Limit",
      "helpText": "A number that sets the maximum number of rows fetched from Matomo. By default the connector will try and fetch every row of the report you selected, but in some cases this can be too much data, and Looker Studio will time out trying to get it all. In this case you may want to set a hard limit here.",
      "name": "filter_limit",
      "parameterControl": {
        "allowOverride": true
      },
      "type": "TEXTINPUT"
    }
  ],
  "dateRangeRequired": true,
  "isSteppedConfig": false
}