{
  "filtersApplied": false,
  "rows": [
    {
      "values": [
        "Bali - divezone.net/diving/bali",
        "77",
        "53",
        "5",
        "1.32",
        "0.87",
        "0"
      ]
    },
    {
      "values": [
        "Thailand - divezone.net/diving/thailand",
        "28",
        "27",
        "41",
        "0.7",
        "0.85",
        "0"
      ]
    },
    {
      "values": [
        "Indonesia - divezone.net/diving/indonesia",
        "55",
        "22",
        "1",
        "2",
        "0.86",
        "0"
      ]
    },
    {
      "values": [
        "Bali, Komodo Island, Tulamben, Wakatobi - divezone.net/divesite/uss-liberty-wreck",
        "33",
        "19",
        "19",
        "1.47",
        "0.74",
        "0"
      ]
    },
    {
      "values": [
        "Others",
        "764",
        "681",
        "20",
        "0.73",
        "0.84",
        "0.121"
      ]
    }
  ],
  "schema": [
    {
      "dataType": "STRING",
      "label": "Page Location",
      "name": "label",
      "semantics": {
        "conceptType": "DIMENSION",
        "semanticType": "TEXT"
      }
    },
    {
      "dataType": "NUMBER",
      "label": "Actions",
      "name": "nb_hits",
      "semantics": {
        "conceptType": "METRIC",
        "isReaggregatable": false,
        "semanticType": "NUMBER"
      }
    },
    {
      "dataType": "NUMBER",
      "label": "Unique Actions",
      "name": "nb_visits",
      "semantics": {
        "conceptType": "METRIC",
        "isReaggregatable": false,
        "semanticType": "NUMBER"
      }
    },
    {
      "dataType": "STRING",
      "label": "Avg. Time On Dimension",
      "name": "avg_time_on_dimension",
      "semantics": {
        "conceptType": "METRIC",
        "isReaggregatable": false,
        "semanticType": "DURATION"
      }
    },
    {
      "dataType": "NUMBER",
      "label": "Bounce Rate",
      "name": "bounce_rate",
      "semantics": {
        "conceptType": "METRIC",
        "isReaggregatable": false,
        "semanticType": "PERCENT"
      }
    },
    {
      "dataType": "NUMBER",
      "label": "Exit rate",
      "name": "exit_rate",
      "semantics": {
        "conceptType": "METRIC",
        "isReaggregatable": false,
        "semanticType": "PERCENT"
      }
    },
    {
      "dataType": "STRING",
      "label": "Avg. generation time",
      "name": "avg_time_generation",
      "semantics": {
        "conceptType": "METRIC",
        "isReaggregatable": false,
        "semanticType": "DURATION"
      }
    }
  ]
}