{
  "filtersApplied": false,
  "rows": [
    {
      "values": [
        "page - divezone.net/jobs",
        "90",
        "84",
        "16",
        "0.65",
        "0.76",
        "0"
      ]
    },
    {
      "values": [
        "diving - divezone.net/diving/bali",
        "77",
        "53",
        "5",
        "1.32",
        "0.87",
        "0"
      ]
    },
    {
      "values": [
        "diving - divezone.net/diving/thailand",
        "28",
        "27",
        "41",
        "0.7",
        "0.85",
        "0"
      ]
    },
    {
      "values": [
        "diving - divezone.net/diving/indonesia",
        "55",
        "22",
        "1",
        "2",
        "0.86",
        "0"
      ]
    },
    {
      "values": [
        "Others",
        "988",
        "884",
        "22",
        "0.7",
        "0.81",
        "0.121"
      ]
    }
  ],
  "schema": [
    {
      "dataType": "STRING",
      "label": "Page Type",
      "name": "label",
      "semantics": {
        "conceptType": "DIMENSION",
        "semanticType": "TEXT"
      }
    },
    {
      "dataType": "NUMBER",
      "label": "Actions",
      "name": "nb_hits",
      "semantics": {
        "conceptType": "METRIC",
        "isReaggregatable": false,
        "semanticType": "NUMBER"
      }
    },
    {
      "dataType": "NUMBER",
      "label": "Unique Actions",
      "name": "nb_visits",
      "semantics": {
        "conceptType": "METRIC",
        "isReaggregatable": false,
        "semanticType": "NUMBER"
      }
    },
    {
      "dataType": "STRING",
      "label": "Avg. Time On Dimension",
      "name": "avg_time_on_dimension",
      "semantics": {
        "conceptType": "METRIC",
        "isReaggregatable": false,
        "semanticType": "DURATION"
      }
    },
    {
      "dataType": "NUMBER",
      "label": "Bounce Rate",
      "name": "bounce_rate",
      "semantics": {
        "conceptType": "METRIC",
        "isReaggregatable": false,
        "semanticType": "PERCENT"
      }
    },
    {
      "dataType": "NUMBER",
      "label": "Exit rate",
      "name": "exit_rate",
      "semantics": {
        "conceptType": "METRIC",
        "isReaggregatable": false,
        "semanticType": "PERCENT"
      }
    },
    {
      "dataType": "STRING",
      "label": "Avg. generation time",
      "name": "avg_time_generation",
      "semantics": {
        "conceptType": "METRIC",
        "isReaggregatable": false,
        "semanticType": "DURATION"
      }
    }
  ]
}