{
  "filtersApplied": false,
  "rows": [
    {
      "values": [
        "added - Diving Tank",
        "Cart change",
        "285",
        "294",
        "1",
        "2",
        "285",
        "1.03"
      ]
    },
    {
      "values": [
        "added - Basic Wetsuit",
        "Cart change",
        "268",
        "290",
        "1",
        "2",
        "268",
        "1.08"
      ]
    },
    {
      "values": [
        "added - Scuba Fins",
        "Cart change",
        "221",
        "232",
        "1",
        "2",
        "221",
        "1.05"
      ]
    },
    {
      "values": [
        "added - Distance Line & Reel",
        "Cart change",
        "110",
        "163",
        "1",
        "4",
        "110",
        "1.48"
      ]
    },
    {
      "values": [
        "added - Diving Knife",
        "Cart change",
        "107",
        "130",
        "1",
        "3",
        "107",
        "1.21"
      ]
    }
  ],
  "schema": [
    {
      "dataType": "STRING",
      "label": "Event Name",
      "name": "Events_EventName",
      "semantics": {
        "conceptType": "DIMENSION",
        "semanticType": "TEXT"
      }
    },
    {
      "dataType": "STRING",
      "label": "Event Action",
      "name": "Events_EventAction",
      "semantics": {
        "conceptType": "DIMENSION",
        "semanticType": "TEXT"
      }
    },
    {
      "dataType": "NUMBER",
      "label": "Events",
      "name": "nb_events",
      "semantics": {
        "conceptType": "METRIC",
        "isReaggregatable": false,
        "semanticType": "NUMBER"
      }
    },
    {
      "dataType": "NUMBER",
      "label": "Event value",
      "name": "sum_event_value",
      "semantics": {
        "conceptType": "METRIC",
        "isReaggregatable": false,
        "semanticType": "NUMBER"
      }
    },
    {
      "dataType": "NUMBER",
      "label": "Minimum Event value",
      "name": "min_event_value",
      "semantics": {
        "conceptType": "METRIC",
        "isReaggregatable": false,
        "semanticType": "NUMBER"
      }
    },
    {
      "dataType": "NUMBER",
      "label": "Maximum Event value",
      "name": "max_event_value",
      "semantics": {
        "conceptType": "METRIC",
        "isReaggregatable": false,
        "semanticType": "NUMBER"
      }
    },
    {
      "dataType": "NUMBER",
      "label": "Events with a value",
      "name": "nb_events_with_value",
      "semantics": {
        "conceptType": "METRIC",
        "isReaggregatable": false,
        "semanticType": "NUMBER"
      }
    },
    {
      "dataType": "NUMBER",
      "label": "The average of all values for this event",
      "name": "avg_event_value",
      "semantics": {
        "conceptType": "METRIC",
        "isReaggregatable": false,
        "semanticType": "NUMBER"
      }
    }
  ]
}