{
  "filtersApplied": false,
  "rows": [
    {
      "values": [
        "1 visit",
        "1",
        "0"
      ]
    },
    {
      "values": [
        "2 visits",
        "0",
        "0"
      ]
    },
    {
      "values": [
        "3 visits",
        "0",
        "0"
      ]
    },
    {
      "values": [
        "4 visits",
        "0",
        "0"
      ]
    },
    {
      "values": [
        "Others",
        "2178",
        "1"
      ]
    }
  ],
  "schema": [
    {
      "dataType": "STRING",
      "label": "Visits by visit number",
      "name": "label",
      "semantics": {
        "conceptType": "DIMENSION",
        "semanticType": "TEXT"
      }
    },
    {
      "dataType": "NUMBER",
      "label": "Visits",
      "name": "nb_visits",
      "semantics": {
        "conceptType": "METRIC",
        "isReaggregatable": false,
        "semanticType": "NUMBER"
      }
    },
    {
      "dataType": "NUMBER",
      "label": "% Visits",
      "name": "nb_visits_percentage",
      "semantics": {
        "conceptType": "METRIC",
        "isReaggregatable": false,
        "semanticType": "PERCENT"
      }
    }
  ]
}