{
  "filtersApplied": false,
  "rows": [
    {
      "values": [
        "divezone.net/jobs/apply/diver-iii",
        "1",
        "1",
        "0",
        "0",
        "1",
        "1",
        "0",
        "0",
        "0",
        "0",
        "0",
        "0",
        "68.33",
        "0"
      ]
    },
    {
      "values": [
        "divezone.net/jobs/apply/general-manager-position-in-an-oman-dive-center-resort-non-diving-position",
        "2",
        "2",
        "1",
        "1",
        "0",
        "0",
        "0",
        "0",
        "0.5",
        "0",
        "0",
        "58.339",
        "0",
        "35.022"
      ]
    },
    {
      "values": [
        "divezone.net/jobs/apply/padi-divemaster-6",
        "1",
        "1",
        "0",
        "0",
        "0",
        "0",
        "0",
        "0",
        "0",
        "0",
        "0",
        "0",
        "0",
        "0"
      ]
    },
    {
      "values": [
        "divezone.net/jobs/apply/padi-diving-isnstructor-with-boat-licence",
        "1",
        "1",
        "0",
        "0",
        "0",
        "0",
        "0",
        "0",
        "0",
        "0",
        "0",
        "0",
        "0",
        "0"
      ]
    },
    {
      "values": [
        "divezone.net/jobs/apply/padi-instructor-14",
        "1",
        "1",
        "0",
        "0",
        "0",
        "0",
        "0",
        "0",
        "0",
        "0",
        "0",
        "0",
        "0",
        "0"
      ]
    }
  ],
  "schema": [
    {
      "dataType": "STRING",
      "label": "Page URL",
      "name": "label",
      "semantics": {
        "conceptType": "DIMENSION",
        "semanticType": "TEXT"
      }
    },
    {
      "dataType": "NUMBER",
      "label": "Form views",
      "name": "nb_form_views",
      "semantics": {
        "conceptType": "METRIC",
        "isReaggregatable": false,
        "semanticType": "NUMBER"
      }
    },
    {
      "dataType": "NUMBER",
      "label": "Form viewers",
      "name": "nb_form_viewers",
      "semantics": {
        "conceptType": "METRIC",
        "isReaggregatable": false,
        "semanticType": "NUMBER"
      }
    },
    {
      "dataType": "NUMBER",
      "label": "Form starts",
      "name": "nb_form_starts",
      "semantics": {
        "conceptType": "METRIC",
        "isReaggregatable": false,
        "semanticType": "NUMBER"
      }
    },
    {
      "dataType": "NUMBER",
      "label": "Form starters",
      "name": "nb_form_starters",
      "semantics": {
        "conceptType": "METRIC",
        "isReaggregatable": false,
        "semanticType": "NUMBER"
      }
    },
    {
      "dataType": "NUMBER",
      "label": "Form submissions",
      "name": "nb_form_submissions",
      "semantics": {
        "conceptType": "METRIC",
        "isReaggregatable": false,
        "semanticType": "NUMBER"
      }
    },
    {
      "dataType": "NUMBER",
      "label": "Form submitters",
      "name": "nb_form_submitters",
      "semantics": {
        "conceptType": "METRIC",
        "isReaggregatable": false,
        "semanticType": "NUMBER"
      }
    },
    {
      "dataType": "NUMBER",
      "label": "Form re-submitters",
      "name": "nb_form_resubmitters",
      "semantics": {
        "conceptType": "METRIC",
        "isReaggregatable": false,
        "semanticType": "NUMBER"
      }
    },
    {
      "dataType": "NUMBER",
      "label": "Form conversions",
      "name": "nb_form_conversions",
      "semantics": {
        "conceptType": "METRIC",
        "isReaggregatable": false,
        "semanticType": "NUMBER"
      }
    },
    {
      "dataType": "NUMBER",
      "label": "Form starters rate",
      "name": "form_starters_rate",
      "semantics": {
        "conceptType": "METRIC",
        "isReaggregatable": false,
        "semanticType": "PERCENT"
      }
    },
    {
      "dataType": "NUMBER",
      "label": "Form conversion rate",
      "name": "form_conversion_rate",
      "semantics": {
        "conceptType": "METRIC",
        "isReaggregatable": false,
        "semanticType": "PERCENT"
      }
    },
    {
      "dataType": "NUMBER",
      "label": "Form submitter rate",
      "name": "form_submitter_rate",
      "semantics": {
        "conceptType": "METRIC",
        "isReaggregatable": false,
        "semanticType": "PERCENT"
      }
    },
    {
      "dataType": "NUMBER",
      "label": "Form avg. hesitation time",
      "name": "avg_form_time_hesitation",
      "semantics": {
        "conceptType": "METRIC",
        "isReaggregatable": false,
        "semanticType": "NUMBER"
      }
    },
    {
      "dataType": "NUMBER",
      "label": "Form avg. time to first submit",
      "name": "avg_form_time_to_first_submission",
      "semantics": {
        "conceptType": "METRIC",
        "isReaggregatable": false,
        "semanticType": "NUMBER"
      }
    },
    {
      "dataType": "NUMBER",
      "label": "Form avg. time spent",
      "name": "avg_form_time_spent",
      "semantics": {
        "conceptType": "METRIC",
        "isReaggregatable": false,
        "semanticType": "NUMBER"
      }
    }
  ]
}