{
  "filtersApplied": false,
  "rows": [
    {
      "values": [
        "Cookie",
        "2035",
        "0.93"
      ]
    },
    {
      "values": [
        "Pdf",
        "980",
        "0.45"
      ]
    },
    {
      "values": [
        "Flash",
        "401",
        "0.18"
      ]
    },
    {
      "values": [
        "Java",
        "257",
        "0.12"
      ]
    },
    {
      "values": [
        "Others",
        "107",
        "0.05"
      ]
    }
  ],
  "schema": [
    {
      "dataType": "STRING",
      "label": "Plugin",
      "name": "label",
      "semantics": {
        "conceptType": "DIMENSION",
        "semanticType": "TEXT"
      }
    },
    {
      "dataType": "NUMBER",
      "label": "Visits",
      "name": "nb_visits",
      "semantics": {
        "conceptType": "METRIC",
        "isReaggregatable": false,
        "semanticType": "NUMBER"
      }
    },
    {
      "dataType": "NUMBER",
      "label": "% Visits",
      "name": "nb_visits_percentage",
      "semantics": {
        "conceptType": "METRIC",
        "isReaggregatable": false,
        "semanticType": "PERCENT"
      }
    }
  ]
}