{
  "filtersApplied": false,
  "rows": [
    {
      "values": [
        "Mobile Safari 11.0",
        "271",
        "266",
        "345",
        "0",
        "1.3",
        "29",
        "0.83",
        "0.0554"
      ]
    },
    {
      "values": [
        "Chrome 64.0",
        "147",
        "146",
        "186",
        "0",
        "1.3",
        "32",
        "0.8",
        "0.068"
      ]
    },
    {
      "values": [
        "Chrome 66.0",
        "125",
        "123",
        "156",
        "1",
        "1.2",
        "34",
        "0.85",
        "0.072"
      ]
    },
    {
      "values": [
        "Chrome 63.0",
        "81",
        "72",
        "118",
        "0",
        "1.5",
        "147",
        "0.7",
        "0.0741"
      ]
    },
    {
      "values": [
        "Others",
        "1555",
        "1475",
        "2563",
        "0",
        "1.6",
        "144",
        "0.7",
        "0.0508"
      ]
    }
  ],
  "schema": [
    {
      "dataType": "STRING",
      "label": "Browser version",
      "name": "label",
      "semantics": {
        "conceptType": "DIMENSION",
        "semanticType": "TEXT"
      }
    },
    {
      "dataType": "NUMBER",
      "label": "Visits",
      "name": "nb_visits",
      "semantics": {
        "conceptType": "METRIC",
        "isReaggregatable": false,
        "semanticType": "NUMBER"
      }
    },
    {
      "dataType": "NUMBER",
      "label": "Unique visitors",
      "name": "nb_uniq_visitors",
      "semantics": {
        "conceptType": "METRIC",
        "isReaggregatable": false,
        "semanticType": "NUMBER"
      }
    },
    {
      "dataType": "NUMBER",
      "label": "Actions",
      "name": "nb_actions",
      "semantics": {
        "conceptType": "METRIC",
        "isReaggregatable": false,
        "semanticType": "NUMBER"
      }
    },
    {
      "dataType": "NUMBER",
      "label": "Users",
      "name": "nb_users",
      "semantics": {
        "conceptType": "METRIC",
        "isReaggregatable": false,
        "semanticType": "NUMBER"
      }
    },
    {
      "dataType": "NUMBER",
      "label": "Actions per Visit",
      "name": "nb_actions_per_visit",
      "semantics": {
        "conceptType": "METRIC",
        "isReaggregatable": false,
        "semanticType": "NUMBER"
      }
    },
    {
      "dataType": "STRING",
      "label": "Avg. Time on Website",
      "name": "avg_time_on_site",
      "semantics": {
        "conceptType": "METRIC",
        "isReaggregatable": false,
        "semanticType": "DURATION"
      }
    },
    {
      "dataType": "NUMBER",
      "label": "Bounce Rate",
      "name": "bounce_rate",
      "semantics": {
        "conceptType": "METRIC",
        "isReaggregatable": false,
        "semanticType": "PERCENT"
      }
    },
    {
      "dataType": "NUMBER",
      "label": "Conversion Rate",
      "name": "conversion_rate",
      "semantics": {
        "conceptType": "METRIC",
        "isReaggregatable": false,
        "semanticType": "PERCENT"
      }
    }
  ]
}