{
  "filtersApplied": false,
  "rows": [
    {
      "values": [
        "New visits",
        "1"
      ]
    },
    {
      "values": [
        "0 days",
        "3"
      ]
    },
    {
      "values": [
        "1 day",
        "0"
      ]
    },
    {
      "values": [
        "2 days",
        "0"
      ]
    },
    {
      "values": [
        "Others",
        "19"
      ]
    }
  ],
  "schema": [
    {
      "dataType": "STRING",
      "label": "Days since last visit",
      "name": "label",
      "semantics": {
        "conceptType": "DIMENSION",
        "semanticType": "TEXT"
      }
    },
    {
      "dataType": "NUMBER",
      "label": "Visits",
      "name": "nb_visits",
      "semantics": {
        "conceptType": "METRIC",
        "isReaggregatable": false,
        "semanticType": "NUMBER"
      }
    }
  ]
}