{
  "filtersApplied": false,
  "rows": [
    {
      "values": [
        "added - Diving Tank",
        "Cart change",
        "31452",
        "32655",
        "1",
        "2",
        "31452",
        "1.04"
      ]
    },
    {
      "values": [
        "added - Basic Wetsuit",
        "Cart change",
        "26555",
        "28097",
        "1",
        "2",
        "26555",
        "1.06"
      ]
    },
    {
      "values": [
        "added - Scuba Fins",
        "Cart change",
        "23774",
        "24706",
        "1",
        "2",
        "23774",
        "1.04"
      ]
    },
    {
      "values": [
        "added - Diving Knife",
        "Cart change",
        "11735",
        "14516",
        "1",
        "3",
        "11735",
        "1.24"
      ]
    },
    {
      "values": [
        "Others",
        "Others",
        "147316",
        "4030689",
        "6428",
        "17094",
        "132679",
        "30.38"
      ]
    }
  ],
  "schema": [
    {
      "dataType": "STRING",
      "label": "Event Name",
      "name": "Events_EventName",
      "semantics": {
        "conceptType": "DIMENSION",
        "semanticType": "TEXT"
      }
    },
    {
      "dataType": "STRING",
      "label": "Event Action",
      "name": "Events_EventAction",
      "semantics": {
        "conceptType": "DIMENSION",
        "semanticType": "TEXT"
      }
    },
    {
      "dataType": "NUMBER",
      "label": "Events",
      "name": "nb_events",
      "semantics": {
        "conceptType": "METRIC",
        "isReaggregatable": false,
        "semanticType": "NUMBER"
      }
    },
    {
      "dataType": "NUMBER",
      "label": "Event value",
      "name": "sum_event_value",
      "semantics": {
        "conceptType": "METRIC",
        "isReaggregatable": false,
        "semanticType": "NUMBER"
      }
    },
    {
      "dataType": "NUMBER",
      "label": "Minimum Event value",
      "name": "min_event_value",
      "semantics": {
        "conceptType": "METRIC",
        "isReaggregatable": false,
        "semanticType": "NUMBER"
      }
    },
    {
      "dataType": "NUMBER",
      "label": "Maximum Event value",
      "name": "max_event_value",
      "semantics": {
        "conceptType": "METRIC",
        "isReaggregatable": false,
        "semanticType": "NUMBER"
      }
    },
    {
      "dataType": "NUMBER",
      "label": "Events with a value",
      "name": "nb_events_with_value",
      "semantics": {
        "conceptType": "METRIC",
        "isReaggregatable": false,
        "semanticType": "NUMBER"
      }
    },
    {
      "dataType": "NUMBER",
      "label": "The average of all values for this event",
      "name": "avg_event_value",
      "semantics": {
        "conceptType": "METRIC",
        "isReaggregatable": false,
        "semanticType": "NUMBER"
      }
    }
  ]
}