{
  "filtersApplied": false,
  "rows": [
    {
      "values": [
        "Divecast #4: History of scuba diving",
        "1",
        "3",
        "1",
        "2",
        "0",
        "0.33",
        "0",
        "976",
        "0.46",
        "114",
        "2100"
      ]
    },
    {
      "values": [
        "Divecast #3: Interview - Justin D. Bends on avoiding decompression sickness",
        "0",
        "1",
        "0",
        "1",
        "0",
        "0",
        "0",
        "0",
        "0",
        "0",
        "0"
      ]
    },
    {
      "values": [
        "Divecast #12: All about liveaboards",
        "0",
        "1",
        "0",
        "1",
        "0",
        "0",
        "0",
        "0",
        "0",
        "0",
        "0"
      ]
    },
    {
      "values": [
        "Divecast #14: Interview - Chester Minit on safety and the importance of approaching diving with caution",
        "0",
        "1",
        "0",
        "1",
        "0",
        "0",
        "0",
        "0",
        "0",
        "0",
        "0"
      ]
    }
  ],
  "schema": [
    {
      "dataType": "STRING",
      "label": "Media Title",
      "name": "label",
      "semantics": {
        "conceptType": "DIMENSION",
        "semanticType": "TEXT"
      }
    },
    {
      "dataType": "NUMBER",
      "label": "Plays",
      "name": "nb_plays",
      "semantics": {
        "conceptType": "METRIC",
        "isReaggregatable": false,
        "semanticType": "NUMBER"
      }
    },
    {
      "dataType": "NUMBER",
      "label": "Impressions",
      "name": "nb_impressions",
      "semantics": {
        "conceptType": "METRIC",
        "isReaggregatable": false,
        "semanticType": "NUMBER"
      }
    },
    {
      "dataType": "NUMBER",
      "label": "Plays by unique visitors",
      "name": "nb_unique_visitors_plays",
      "semantics": {
        "conceptType": "METRIC",
        "isReaggregatable": false,
        "semanticType": "NUMBER"
      }
    },
    {
      "dataType": "NUMBER",
      "label": "Impressions by unique visitors",
      "name": "nb_unique_visitors_impressions",
      "semantics": {
        "conceptType": "METRIC",
        "isReaggregatable": false,
        "semanticType": "NUMBER"
      }
    },
    {
      "dataType": "NUMBER",
      "label": "Finishes",
      "name": "nb_finishes",
      "semantics": {
        "conceptType": "METRIC",
        "isReaggregatable": false,
        "semanticType": "NUMBER"
      }
    },
    {
      "dataType": "NUMBER",
      "label": "Play rate",
      "name": "play_rate",
      "semantics": {
        "conceptType": "METRIC",
        "isReaggregatable": false,
        "semanticType": "PERCENT"
      }
    },
    {
      "dataType": "NUMBER",
      "label": "Finish rate",
      "name": "finish_rate",
      "semantics": {
        "conceptType": "METRIC",
        "isReaggregatable": false,
        "semanticType": "PERCENT"
      }
    },
    {
      "dataType": "STRING",
      "label": "Avg. time spent",
      "name": "avg_time_watched",
      "semantics": {
        "conceptType": "METRIC",
        "isReaggregatable": false,
        "semanticType": "DURATION"
      }
    },
    {
      "dataType": "NUMBER",
      "label": "Avg. Completion",
      "name": "avg_completion_rate",
      "semantics": {
        "conceptType": "METRIC",
        "isReaggregatable": false,
        "semanticType": "PERCENT"
      }
    },
    {
      "dataType": "STRING",
      "label": "Avg. Time To Play",
      "name": "avg_time_to_play",
      "semantics": {
        "conceptType": "METRIC",
        "isReaggregatable": false,
        "semanticType": "DURATION"
      }
    },
    {
      "dataType": "STRING",
      "label": "Avg. Media Length",
      "name": "avg_media_length",
      "semantics": {
        "conceptType": "METRIC",
        "isReaggregatable": false,
        "semanticType": "DURATION"
      }
    }
  ]
}