{
  "filtersApplied": false,
  "rows": [
    {
      "values": [
        "Ecommerce",
        "Cart change",
        "228",
        "143",
        "-3",
        "3",
        "228",
        "0.63"
      ]
    },
    {
      "values": [
        "MediaVideo",
        "play",
        "18",
        "0",
        "0",
        "0",
        "9",
        "0"
      ]
    },
    {
      "values": [
        "MediaVideo",
        "pause",
        "9",
        "1058",
        "46",
        "281",
        "6",
        "176.33"
      ]
    },
    {
      "values": [
        "MediaVideo",
        "seek",
        "34",
        "4841",
        "10",
        "356",
        "34",
        "142.38"
      ]
    },
    {
      "values": [
        "Others",
        "Others",
        "14",
        "158",
        "158",
        "158",
        "1",
        "158"
      ]
    }
  ],
  "schema": [
    {
      "dataType": "STRING",
      "label": "Event Category",
      "name": "Events_EventCategory",
      "semantics": {
        "conceptType": "DIMENSION",
        "semanticType": "TEXT"
      }
    },
    {
      "dataType": "STRING",
      "label": "Event Action",
      "name": "Events_EventAction",
      "semantics": {
        "conceptType": "DIMENSION",
        "semanticType": "TEXT"
      }
    },
    {
      "dataType": "NUMBER",
      "label": "Events",
      "name": "nb_events",
      "semantics": {
        "conceptType": "METRIC",
        "isReaggregatable": false,
        "semanticType": "NUMBER"
      }
    },
    {
      "dataType": "NUMBER",
      "label": "Event value",
      "name": "sum_event_value",
      "semantics": {
        "conceptType": "METRIC",
        "isReaggregatable": false,
        "semanticType": "NUMBER"
      }
    },
    {
      "dataType": "NUMBER",
      "label": "Minimum Event value",
      "name": "min_event_value",
      "semantics": {
        "conceptType": "METRIC",
        "isReaggregatable": false,
        "semanticType": "NUMBER"
      }
    },
    {
      "dataType": "NUMBER",
      "label": "Maximum Event value",
      "name": "max_event_value",
      "semantics": {
        "conceptType": "METRIC",
        "isReaggregatable": false,
        "semanticType": "NUMBER"
      }
    },
    {
      "dataType": "NUMBER",
      "label": "Events with a value",
      "name": "nb_events_with_value",
      "semantics": {
        "conceptType": "METRIC",
        "isReaggregatable": false,
        "semanticType": "NUMBER"
      }
    },
    {
      "dataType": "NUMBER",
      "label": "The average of all values for this event",
      "name": "avg_event_value",
      "semantics": {
        "conceptType": "METRIC",
        "isReaggregatable": false,
        "semanticType": "NUMBER"
      }
    }
  ]
}