{
  "filtersApplied": false,
  "rows": [
    {
      "values": [
        "Europe",
        "739",
        "709",
        "1216",
        "1.6",
        "133",
        "0.68",
        "0",
        "0",
        "0",
        "0",
        "0",
        "0",
        "0",
        "0",
        "0",
        "0",
        "0",
        "0",
        "0",
        "0",
        "0",
        "0",
        "0",
        "0",
        "0",
        "0",
        "0",
        "0",
        "0",
        "0",
        "0",
        "0",
        "0",
        "0"
      ]
    },
    {
      "values": [
        "Asia",
        "620",
        "574",
        "873",
        "1.4",
        "83",
        "0.77",
        "0",
        "0",
        "0",
        "0",
        "0",
        "0",
        "0",
        "0",
        "0",
        "0",
        "0",
        "0",
        "0",
        "0",
        "0",
        "0",
        "0",
        "0",
        "0",
        "0",
        "0",
        "0",
        "0",
        "0",
        "0",
        "0",
        "0",
        "0"
      ]
    },
    {
      "values": [
        "North America",
        "532",
        "518",
        "851",
        "1.6",
        "151",
        "0.73",
        "0",
        "0",
        "0",
        "0",
        "0",
        "0",
        "0",
        "0",
        "0",
        "0",
        "0",
        "0",
        "0",
        "0",
        "0",
        "0",
        "0",
        "0",
        "0",
        "0",
        "0",
        "0",
        "0",
        "0",
        "0",
        "0",
        "0",
        "0"
      ]
    },
    {
      "values": [
        "Oceania",
        "189",
        "184",
        "280",
        "1.5",
        "83",
        "0.76",
        "0",
        "0",
        "0",
        "0",
        "0",
        "0",
        "0",
        "0",
        "0",
        "0",
        "0",
        "0",
        "0",
        "0",
        "0",
        "0",
        "0",
        "0",
        "0",
        "0",
        "0",
        "0",
        "0",
        "0",
        "0",
        "0",
        "0",
        "0"
      ]
    },
    {
      "values": [
        "Others",
        "99",
        "96",
        "148",
        "1.5",
        "70",
        "0.73",
        "0",
        "0",
        "0",
        "0",
        "0",
        "0",
        "0",
        "0",
        "0",
        "0",
        "0",
        "0",
        "0",
        "0",
        "0",
        "0",
        "0",
        "0",
        "0",
        "0",
        "0",
        "0",
        "0",
        "0",
        "0",
        "0",
        "0",
        "0"
      ]
    }
  ],
  "schema": [
    {
      "dataType": "STRING",
      "label": "Continent",
      "name": "label",
      "semantics": {
        "conceptType": "DIMENSION",
        "semanticType": "TEXT"
      }
    },
    {
      "dataType": "NUMBER",
      "label": "Visits",
      "name": "nb_visits",
      "semantics": {
        "conceptType": "METRIC",
        "isReaggregatable": false,
        "semanticType": "NUMBER"
      }
    },
    {
      "dataType": "NUMBER",
      "label": "Unique visitors",
      "name": "nb_uniq_visitors",
      "semantics": {
        "conceptType": "METRIC",
        "isReaggregatable": false,
        "semanticType": "NUMBER"
      }
    },
    {
      "dataType": "NUMBER",
      "label": "Actions",
      "name": "nb_actions",
      "semantics": {
        "conceptType": "METRIC",
        "isReaggregatable": false,
        "semanticType": "NUMBER"
      }
    },
    {
      "dataType": "NUMBER",
      "label": "Actions per Visit",
      "name": "nb_actions_per_visit",
      "semantics": {
        "conceptType": "METRIC",
        "isReaggregatable": false,
        "semanticType": "NUMBER"
      }
    },
    {
      "dataType": "STRING",
      "label": "Avg. Time on Website",
      "name": "avg_time_on_site",
      "semantics": {
        "conceptType": "METRIC",
        "isReaggregatable": false,
        "semanticType": "DURATION"
      }
    },
    {
      "dataType": "NUMBER",
      "label": "Bounce Rate",
      "name": "bounce_rate",
      "semantics": {
        "conceptType": "METRIC",
        "isReaggregatable": false,
        "semanticType": "PERCENT"
      }
    },
    {
      "dataType": "NUMBER",
      "label": "\"New Job Application\" Conversions",
      "name": "goal_4_nb_conversions",
      "semantics": {
        "conceptType": "METRIC",
        "isReaggregatable": false,
        "semanticType": "NUMBER"
      }
    },
    {
      "dataType": "NUMBER",
      "label": "\"New Job Application\" Revenue",
      "name": "goal_4_revenue",
      "semantics": {
        "conceptType": "METRIC",
        "isReaggregatable": false,
        "semanticType": "CURRENCY_USD"
      }
    },
    {
      "dataType": "NUMBER",
      "label": "\"View Submit Job\" Conversions",
      "name": "goal_5_nb_conversions",
      "semantics": {
        "conceptType": "METRIC",
        "isReaggregatable": false,
        "semanticType": "NUMBER"
      }
    },
    {
      "dataType": "NUMBER",
      "label": "\"View Submit Job\" Revenue",
      "name": "goal_5_revenue",
      "semantics": {
        "conceptType": "METRIC",
        "isReaggregatable": false,
        "semanticType": "CURRENCY_USD"
      }
    },
    {
      "dataType": "NUMBER",
      "label": "\"New Resume\" Conversions",
      "name": "goal_6_nb_conversions",
      "semantics": {
        "conceptType": "METRIC",
        "isReaggregatable": false,
        "semanticType": "NUMBER"
      }
    },
    {
      "dataType": "NUMBER",
      "label": "\"New Resume\" Revenue",
      "name": "goal_6_revenue",
      "semantics": {
        "conceptType": "METRIC",
        "isReaggregatable": false,
        "semanticType": "CURRENCY_USD"
      }
    },
    {
      "dataType": "NUMBER",
      "label": "\"Liveaboard.com click\" Conversions",
      "name": "goal_7_nb_conversions",
      "semantics": {
        "conceptType": "METRIC",
        "isReaggregatable": false,
        "semanticType": "NUMBER"
      }
    },
    {
      "dataType": "NUMBER",
      "label": "\"Liveaboard.com click\" Revenue",
      "name": "goal_7_revenue",
      "semantics": {
        "conceptType": "METRIC",
        "isReaggregatable": false,
        "semanticType": "CURRENCY_USD"
      }
    },
    {
      "dataType": "NUMBER",
      "label": "\"Agoda click\" Conversions",
      "name": "goal_8_nb_conversions",
      "semantics": {
        "conceptType": "METRIC",
        "isReaggregatable": false,
        "semanticType": "NUMBER"
      }
    },
    {
      "dataType": "NUMBER",
      "label": "\"Agoda click\" Revenue",
      "name": "goal_8_revenue",
      "semantics": {
        "conceptType": "METRIC",
        "isReaggregatable": false,
        "semanticType": "CURRENCY_USD"
      }
    },
    {
      "dataType": "NUMBER",
      "label": "\"User Comments\" Conversions",
      "name": "goal_9_nb_conversions",
      "semantics": {
        "conceptType": "METRIC",
        "isReaggregatable": false,
        "semanticType": "NUMBER"
      }
    },
    {
      "dataType": "NUMBER",
      "label": "\"User Comments\" Revenue",
      "name": "goal_9_revenue",
      "semantics": {
        "conceptType": "METRIC",
        "isReaggregatable": false,
        "semanticType": "CURRENCY_USD"
      }
    },
    {
      "dataType": "NUMBER",
      "label": "\"Newsletter Signup\" Conversions",
      "name": "goal_10_nb_conversions",
      "semantics": {
        "conceptType": "METRIC",
        "isReaggregatable": false,
        "semanticType": "NUMBER"
      }
    },
    {
      "dataType": "NUMBER",
      "label": "\"Newsletter Signup\" Revenue",
      "name": "goal_10_revenue",
      "semantics": {
        "conceptType": "METRIC",
        "isReaggregatable": false,
        "semanticType": "CURRENCY_USD"
      }
    },
    {
      "dataType": "NUMBER",
      "label": "\"New Job Application\" Revenue per Visit",
      "name": "goal_4_revenue_per_visit",
      "semantics": {
        "conceptType": "METRIC",
        "isReaggregatable": false,
        "semanticType": "CURRENCY_USD"
      }
    },
    {
      "dataType": "NUMBER",
      "label": "\"View Submit Job\" Revenue per Visit",
      "name": "goal_5_revenue_per_visit",
      "semantics": {
        "conceptType": "METRIC",
        "isReaggregatable": false,
        "semanticType": "CURRENCY_USD"
      }
    },
    {
      "dataType": "NUMBER",
      "label": "\"New Resume\" Revenue per Visit",
      "name": "goal_6_revenue_per_visit",
      "semantics": {
        "conceptType": "METRIC",
        "isReaggregatable": false,
        "semanticType": "CURRENCY_USD"
      }
    },
    {
      "dataType": "NUMBER",
      "label": "\"Liveaboard.com click\" Revenue per Visit",
      "name": "goal_7_revenue_per_visit",
      "semantics": {
        "conceptType": "METRIC",
        "isReaggregatable": false,
        "semanticType": "CURRENCY_USD"
      }
    },
    {
      "dataType": "NUMBER",
      "label": "\"Agoda click\" Revenue per Visit",
      "name": "goal_8_revenue_per_visit",
      "semantics": {
        "conceptType": "METRIC",
        "isReaggregatable": false,
        "semanticType": "CURRENCY_USD"
      }
    },
    {
      "dataType": "NUMBER",
      "label": "\"User Comments\" Revenue per Visit",
      "name": "goal_9_revenue_per_visit",
      "semantics": {
        "conceptType": "METRIC",
        "isReaggregatable": false,
        "semanticType": "CURRENCY_USD"
      }
    },
    {
      "dataType": "NUMBER",
      "label": "\"Newsletter Signup\" Revenue per Visit",
      "name": "goal_10_revenue_per_visit",
      "semantics": {
        "conceptType": "METRIC",
        "isReaggregatable": false,
        "semanticType": "CURRENCY_USD"
      }
    },
    {
      "dataType": "NUMBER",
      "label": "\"New Job Application\" Conversion Rate",
      "name": "goal_4_conversion_rate",
      "semantics": {
        "conceptType": "METRIC",
        "isReaggregatable": false,
        "semanticType": "PERCENT"
      }
    },
    {
      "dataType": "NUMBER",
      "label": "\"View Submit Job\" Conversion Rate",
      "name": "goal_5_conversion_rate",
      "semantics": {
        "conceptType": "METRIC",
        "isReaggregatable": false,
        "semanticType": "PERCENT"
      }
    },
    {
      "dataType": "NUMBER",
      "label": "\"New Resume\" Conversion Rate",
      "name": "goal_6_conversion_rate",
      "semantics": {
        "conceptType": "METRIC",
        "isReaggregatable": false,
        "semanticType": "PERCENT"
      }
    },
    {
      "dataType": "NUMBER",
      "label": "\"Liveaboard.com click\" Conversion Rate",
      "name": "goal_7_conversion_rate",
      "semantics": {
        "conceptType": "METRIC",
        "isReaggregatable": false,
        "semanticType": "PERCENT"
      }
    },
    {
      "dataType": "NUMBER",
      "label": "\"Agoda click\" Conversion Rate",
      "name": "goal_8_conversion_rate",
      "semantics": {
        "conceptType": "METRIC",
        "isReaggregatable": false,
        "semanticType": "PERCENT"
      }
    },
    {
      "dataType": "NUMBER",
      "label": "\"User Comments\" Conversion Rate",
      "name": "goal_9_conversion_rate",
      "semantics": {
        "conceptType": "METRIC",
        "isReaggregatable": false,
        "semanticType": "PERCENT"
      }
    },
    {
      "dataType": "NUMBER",
      "label": "\"Newsletter Signup\" Conversion Rate",
      "name": "goal_10_conversion_rate",
      "semantics": {
        "conceptType": "METRIC",
        "isReaggregatable": false,
        "semanticType": "PERCENT"
      }
    }
  ]
}