{
  "schema": [
    {
      "dataType": "NUMBER",
      "label": "Funnel conversions",
      "name": "funnel_nb_conversions",
      "semantics": {
        "conceptType": "METRIC",
        "isReaggregatable": false,
        "semanticType": "NUMBER"
      }
    },
    {
      "dataType": "NUMBER",
      "label": "Funnel entries",
      "name": "funnel_sum_entries",
      "semantics": {
        "conceptType": "METRIC",
        "isReaggregatable": false,
        "semanticType": "NUMBER"
      }
    },
    {
      "dataType": "NUMBER",
      "label": "Funnel exits",
      "name": "funnel_sum_exits",
      "semantics": {
        "conceptType": "METRIC",
        "isReaggregatable": false,
        "semanticType": "NUMBER"
      }
    },
    {
      "dataType": "NUMBER",
      "label": "Funnel conversion rate",
      "name": "funnel_conversion_rate",
      "semantics": {
        "conceptType": "METRIC",
        "isReaggregatable": false,
        "semanticType": "PERCENT"
      }
    },
    {
      "dataType": "NUMBER",
      "label": "Funnel abandoned rate",
      "name": "funnel_abandoned_rate",
      "semantics": {
        "conceptType": "METRIC",
        "isReaggregatable": false,
        "semanticType": "PERCENT"
      }
    },
    {
      "dataType": "STRING",
      "label": "Date",
      "name": "date",
      "semantics": {
        "conceptType": "DIMENSION",
        "semanticType": "YEAR_MONTH_DAY"
      }
    },
    {
      "dataType": "STRING",
      "label": "Month",
      "name": "date_month",
      "semantics": {
        "conceptType": "DIMENSION",
        "semanticType": "YEAR_MONTH"
      }
    },
    {
      "dataType": "STRING",
      "label": "Week (Mon - Sun)",
      "name": "date_week",
      "semantics": {
        "conceptType": "DIMENSION",
        "semanticType": "YEAR_WEEK"
      }
    },
    {
      "dataType": "STRING",
      "label": "Year",
      "name": "date_year",
      "semantics": {
        "conceptType": "DIMENSION",
        "semanticType": "YEAR"
      }
    }
  ]
}