{
  "schema": [
    {
      "dataType": "NUMBER",
      "label": "Pageviews",
      "name": "nb_pageviews",
      "semantics": {
        "conceptType": "METRIC",
        "isReaggregatable": false,
        "semanticType": "NUMBER"
      }
    },
    {
      "dataType": "NUMBER",
      "label": "Unique Pageviews",
      "name": "nb_uniq_pageviews",
      "semantics": {
        "conceptType": "METRIC",
        "isReaggregatable": false,
        "semanticType": "NUMBER"
      }
    },
    {
      "dataType": "NUMBER",
      "label": "Downloads",
      "name": "nb_downloads",
      "semantics": {
        "conceptType": "METRIC",
        "isReaggregatable": false,
        "semanticType": "NUMBER"
      }
    },
    {
      "dataType": "NUMBER",
      "label": "Unique Downloads",
      "name": "nb_uniq_downloads",
      "semantics": {
        "conceptType": "METRIC",
        "isReaggregatable": false,
        "semanticType": "NUMBER"
      }
    },
    {
      "dataType": "NUMBER",
      "label": "Outlinks",
      "name": "nb_outlinks",
      "semantics": {
        "conceptType": "METRIC",
        "isReaggregatable": false,
        "semanticType": "NUMBER"
      }
    },
    {
      "dataType": "NUMBER",
      "label": "Unique Outlinks",
      "name": "nb_uniq_outlinks",
      "semantics": {
        "conceptType": "METRIC",
        "isReaggregatable": false,
        "semanticType": "NUMBER"
      }
    },
    {
      "dataType": "NUMBER",
      "label": "Searches",
      "name": "nb_searches",
      "semantics": {
        "conceptType": "METRIC",
        "isReaggregatable": false,
        "semanticType": "NUMBER"
      }
    },
    {
      "dataType": "NUMBER",
      "label": "Unique Keywords",
      "name": "nb_keywords",
      "semantics": {
        "conceptType": "METRIC",
        "isReaggregatable": false,
        "semanticType": "NUMBER"
      }
    },
    {
      "dataType": "STRING",
      "label": "Avg. generation time",
      "name": "avg_time_generation",
      "semantics": {
        "conceptType": "METRIC",
        "isReaggregatable": false,
        "semanticType": "DURATION"
      }
    },
    {
      "dataType": "STRING",
      "label": "Date",
      "name": "date",
      "semantics": {
        "conceptType": "DIMENSION",
        "semanticType": "YEAR_MONTH_DAY"
      }
    },
    {
      "dataType": "STRING",
      "label": "Month",
      "name": "date_month",
      "semantics": {
        "conceptType": "DIMENSION",
        "semanticType": "YEAR_MONTH"
      }
    },
    {
      "dataType": "STRING",
      "label": "Week (Mon - Sun)",
      "name": "date_week",
      "semantics": {
        "conceptType": "DIMENSION",
        "semanticType": "YEAR_WEEK"
      }
    },
    {
      "dataType": "STRING",
      "label": "Year",
      "name": "date_year",
      "semantics": {
        "conceptType": "DIMENSION",
        "semanticType": "YEAR"
      }
    }
  ]
}