{
  "schema": [
    {
      "dataType": "NUMBER",
      "label": "Visitors from Search Engines",
      "name": "Referrers_visitorsFromSearchEngines",
      "semantics": {
        "conceptType": "METRIC",
        "isReaggregatable": false,
        "semanticType": "NUMBER"
      }
    },
    {
      "dataType": "NUMBER",
      "label": "Percent of Visitors from Search Engines",
      "name": "Referrers_visitorsFromSearchEngines_percent",
      "semantics": {
        "conceptType": "METRIC",
        "isReaggregatable": false,
        "semanticType": "PERCENT"
      }
    },
    {
      "dataType": "NUMBER",
      "label": "Visitors from Social Networks",
      "name": "Referrers_visitorsFromSocialNetworks",
      "semantics": {
        "conceptType": "METRIC",
        "isReaggregatable": false,
        "semanticType": "NUMBER"
      }
    },
    {
      "dataType": "NUMBER",
      "label": "Percent of Visitors from Social Networks",
      "name": "Referrers_visitorsFromSocialNetworks_percent",
      "semantics": {
        "conceptType": "METRIC",
        "isReaggregatable": false,
        "semanticType": "PERCENT"
      }
    },
    {
      "dataType": "NUMBER",
      "label": "Visitors from Direct Entry",
      "name": "Referrers_visitorsFromDirectEntry",
      "semantics": {
        "conceptType": "METRIC",
        "isReaggregatable": false,
        "semanticType": "NUMBER"
      }
    },
    {
      "dataType": "NUMBER",
      "label": "Percent of Visitors from Direct Entry",
      "name": "Referrers_visitorsFromDirectEntry_percent",
      "semantics": {
        "conceptType": "METRIC",
        "isReaggregatable": false,
        "semanticType": "PERCENT"
      }
    },
    {
      "dataType": "NUMBER",
      "label": "Visitors from Websites",
      "name": "Referrers_visitorsFromWebsites",
      "semantics": {
        "conceptType": "METRIC",
        "isReaggregatable": false,
        "semanticType": "NUMBER"
      }
    },
    {
      "dataType": "NUMBER",
      "label": "Percent of Visitors from Websites",
      "name": "Referrers_visitorsFromWebsites_percent",
      "semantics": {
        "conceptType": "METRIC",
        "isReaggregatable": false,
        "semanticType": "PERCENT"
      }
    },
    {
      "dataType": "NUMBER",
      "label": "Visitors from Campaigns",
      "name": "Referrers_visitorsFromCampaigns",
      "semantics": {
        "conceptType": "METRIC",
        "isReaggregatable": false,
        "semanticType": "NUMBER"
      }
    },
    {
      "dataType": "NUMBER",
      "label": "Percent of Visitors from Campaigns",
      "name": "Referrers_visitorsFromCampaigns_percent",
      "semantics": {
        "conceptType": "METRIC",
        "isReaggregatable": false,
        "semanticType": "PERCENT"
      }
    },
    {
      "dataType": "NUMBER",
      "label": "Distinct search engines",
      "name": "Referrers_distinctSearchEngines",
      "semantics": {
        "conceptType": "METRIC",
        "isReaggregatable": false,
        "semanticType": "NUMBER"
      }
    },
    {
      "dataType": "NUMBER",
      "label": "Distinct social networks",
      "name": "Referrers_distinctSocialNetworks",
      "semantics": {
        "conceptType": "METRIC",
        "isReaggregatable": false,
        "semanticType": "NUMBER"
      }
    },
    {
      "dataType": "NUMBER",
      "label": "Distinct websites",
      "name": "Referrers_distinctWebsites",
      "semantics": {
        "conceptType": "METRIC",
        "isReaggregatable": false,
        "semanticType": "NUMBER"
      }
    },
    {
      "dataType": "NUMBER",
      "label": "Distinct keywords",
      "name": "Referrers_distinctKeywords",
      "semantics": {
        "conceptType": "METRIC",
        "isReaggregatable": false,
        "semanticType": "NUMBER"
      }
    },
    {
      "dataType": "NUMBER",
      "label": "Distinct campaigns",
      "name": "Referrers_distinctCampaigns",
      "semantics": {
        "conceptType": "METRIC",
        "isReaggregatable": false,
        "semanticType": "NUMBER"
      }
    },
    {
      "dataType": "STRING",
      "label": "Date",
      "name": "date",
      "semantics": {
        "conceptType": "DIMENSION",
        "semanticType": "YEAR_MONTH_DAY"
      }
    },
    {
      "dataType": "STRING",
      "label": "Month",
      "name": "date_month",
      "semantics": {
        "conceptType": "DIMENSION",
        "semanticType": "YEAR_MONTH"
      }
    },
    {
      "dataType": "STRING",
      "label": "Week (Mon - Sun)",
      "name": "date_week",
      "semantics": {
        "conceptType": "DIMENSION",
        "semanticType": "YEAR_WEEK"
      }
    },
    {
      "dataType": "STRING",
      "label": "Year",
      "name": "date_year",
      "semantics": {
        "conceptType": "DIMENSION",
        "semanticType": "YEAR"
      }
    }
  ]
}