{
  "schema": [
    {
      "dataType": "NUMBER",
      "label": "Ecommerce Orders",
      "name": "nb_conversions",
      "semantics": {
        "conceptType": "METRIC",
        "isReaggregatable": false,
        "semanticType": "NUMBER"
      }
    },
    {
      "dataType": "NUMBER",
      "label": "Visits with Conversions",
      "name": "nb_visits_converted",
      "semantics": {
        "conceptType": "METRIC",
        "isReaggregatable": false,
        "semanticType": "NUMBER"
      }
    },
    {
      "dataType": "NUMBER",
      "label": "Conversion Rate",
      "name": "conversion_rate",
      "semantics": {
        "conceptType": "METRIC",
        "isReaggregatable": false,
        "semanticType": "PERCENT"
      }
    },
    {
      "dataType": "NUMBER",
      "label": "Revenue",
      "name": "revenue",
      "semantics": {
        "conceptType": "METRIC",
        "isReaggregatable": false,
        "semanticType": "CURRENCY_USD"
      }
    },
    {
      "dataType": "NUMBER",
      "label": "Subtotal",
      "name": "revenue_subtotal",
      "semantics": {
        "conceptType": "METRIC",
        "isReaggregatable": false,
        "semanticType": "CURRENCY_USD"
      }
    },
    {
      "dataType": "NUMBER",
      "label": "Tax",
      "name": "revenue_tax",
      "semantics": {
        "conceptType": "METRIC",
        "isReaggregatable": false,
        "semanticType": "CURRENCY_USD"
      }
    },
    {
      "dataType": "NUMBER",
      "label": "Shipping",
      "name": "revenue_shipping",
      "semantics": {
        "conceptType": "METRIC",
        "isReaggregatable": false,
        "semanticType": "CURRENCY_USD"
      }
    },
    {
      "dataType": "NUMBER",
      "label": "Discount",
      "name": "revenue_discount",
      "semantics": {
        "conceptType": "METRIC",
        "isReaggregatable": false,
        "semanticType": "CURRENCY_USD"
      }
    },
    {
      "dataType": "STRING",
      "label": "Purchased Products",
      "name": "items",
      "semantics": {
        "conceptType": "METRIC",
        "isReaggregatable": false,
        "semanticType": "TEXT"
      }
    },
    {
      "dataType": "NUMBER",
      "label": "Average Order Value",
      "name": "avg_order_revenue",
      "semantics": {
        "conceptType": "METRIC",
        "isReaggregatable": false,
        "semanticType": "CURRENCY_USD"
      }
    },
    {
      "dataType": "STRING",
      "label": "Date",
      "name": "date",
      "semantics": {
        "conceptType": "DIMENSION",
        "semanticType": "YEAR_MONTH_DAY"
      }
    },
    {
      "dataType": "STRING",
      "label": "Month",
      "name": "date_month",
      "semantics": {
        "conceptType": "DIMENSION",
        "semanticType": "YEAR_MONTH"
      }
    },
    {
      "dataType": "STRING",
      "label": "Week (Mon - Sun)",
      "name": "date_week",
      "semantics": {
        "conceptType": "DIMENSION",
        "semanticType": "YEAR_WEEK"
      }
    },
    {
      "dataType": "STRING",
      "label": "Year",
      "name": "date_year",
      "semantics": {
        "conceptType": "DIMENSION",
        "semanticType": "YEAR"
      }
    }
  ]
}