{
  "schema": [
    {
      "dataType": "STRING",
      "label": "Resolution",
      "name": "label",
      "semantics": {
        "conceptType": "DIMENSION",
        "semanticType": "TEXT"
      }
    },
    {
      "dataType": "NUMBER",
      "label": "Plays",
      "name": "nb_plays",
      "semantics": {
        "conceptType": "METRIC",
        "isReaggregatable": false,
        "semanticType": "NUMBER"
      }
    },
    {
      "dataType": "NUMBER",
      "label": "Impressions",
      "name": "nb_impressions",
      "semantics": {
        "conceptType": "METRIC",
        "isReaggregatable": false,
        "semanticType": "NUMBER"
      }
    },
    {
      "dataType": "NUMBER",
      "label": "Plays by unique visitors",
      "name": "nb_unique_visitors_plays",
      "semantics": {
        "conceptType": "METRIC",
        "isReaggregatable": false,
        "semanticType": "NUMBER"
      }
    },
    {
      "dataType": "NUMBER",
      "label": "Impressions by unique visitors",
      "name": "nb_unique_visitors_impressions",
      "semantics": {
        "conceptType": "METRIC",
        "isReaggregatable": false,
        "semanticType": "NUMBER"
      }
    },
    {
      "dataType": "NUMBER",
      "label": "Finishes",
      "name": "nb_finishes",
      "semantics": {
        "conceptType": "METRIC",
        "isReaggregatable": false,
        "semanticType": "NUMBER"
      }
    },
    {
      "dataType": "NUMBER",
      "label": "Play rate",
      "name": "play_rate",
      "semantics": {
        "conceptType": "METRIC",
        "isReaggregatable": false,
        "semanticType": "PERCENT"
      }
    },
    {
      "dataType": "NUMBER",
      "label": "Finish rate",
      "name": "finish_rate",
      "semantics": {
        "conceptType": "METRIC",
        "isReaggregatable": false,
        "semanticType": "PERCENT"
      }
    },
    {
      "dataType": "NUMBER",
      "label": "Fullscreen rate",
      "name": "fullscreen_rate",
      "semantics": {
        "conceptType": "METRIC",
        "isReaggregatable": false,
        "semanticType": "PERCENT"
      }
    },
    {
      "dataType": "STRING",
      "label": "Avg. time spent",
      "name": "avg_time_watched",
      "semantics": {
        "conceptType": "METRIC",
        "isReaggregatable": false,
        "semanticType": "DURATION"
      }
    },
    {
      "dataType": "NUMBER",
      "label": "Avg. Completion",
      "name": "avg_completion_rate",
      "semantics": {
        "conceptType": "METRIC",
        "isReaggregatable": false,
        "semanticType": "PERCENT"
      }
    },
    {
      "dataType": "STRING",
      "label": "Avg. Time To Play",
      "name": "avg_time_to_play",
      "semantics": {
        "conceptType": "METRIC",
        "isReaggregatable": false,
        "semanticType": "DURATION"
      }
    },
    {
      "dataType": "STRING",
      "label": "Avg. Media Length",
      "name": "avg_media_length",
      "semantics": {
        "conceptType": "METRIC",
        "isReaggregatable": false,
        "semanticType": "DURATION"
      }
    },
    {
      "dataType": "STRING",
      "label": "Date",
      "name": "date",
      "semantics": {
        "conceptType": "DIMENSION",
        "semanticType": "YEAR_MONTH_DAY"
      }
    },
    {
      "dataType": "STRING",
      "label": "Month",
      "name": "date_month",
      "semantics": {
        "conceptType": "DIMENSION",
        "semanticType": "YEAR_MONTH"
      }
    },
    {
      "dataType": "STRING",
      "label": "Week (Mon - Sun)",
      "name": "date_week",
      "semantics": {
        "conceptType": "DIMENSION",
        "semanticType": "YEAR_WEEK"
      }
    },
    {
      "dataType": "STRING",
      "label": "Year",
      "name": "date_year",
      "semantics": {
        "conceptType": "DIMENSION",
        "semanticType": "YEAR"
      }
    }
  ]
}